// Jest Snapshot v1, https://goo.gl/fbAQLP

exports[`Location screen renders and matches snapshot 1`] = `
<DocumentFragment>
  <div
    class="container p-d-flex p-flex-column"
  >
    <div
      class="p-card p-component p-text-center"
      style="width: 100%;"
    >
      <div
        class="p-card-body"
      >
        <div
          class="p-card-content"
        >
          <div
            aria-busy="true"
            class="p-progress-spinner"
            role="alert"
            style="width: 50px; height: 50px;"
          >
            <svg
              class="p-progress-spinner-svg"
              style="animation-duration: 2s;"
              viewBox="25 25 50 50"
            >
              <circle
                class="p-progress-spinner-circle"
                cx="50"
                cy="50"
                fill="#FFFFFF"
                r="20"
                stroke-miterlimit="10"
                stroke-width="2"
              />
            </svg>
          </div>
        </div>
      </div>
    </div>
  </div>
</DocumentFragment>
`;
