// Jest Snapshot v1, https://goo.gl/fbAQLP

exports[`CharactersListing component renders and matches snapshot 1`] = `
<DocumentFragment>
  <div
    class="wrapper"
  >
    <div
      class="p-grid p-align-stretch"
    />
  </div>
</DocumentFragment>
`;
